
🧪 Running SSR tests for 304 files...

  ✅ TestAttributeObservable
  ✅ TestAttributeObservableBoolean
  ✅ TestAttributeRemoval
  ✅ TestAttributeStatic
  ✅ TestBigIntFunction
  ✅ TestBigIntObservable
  ✅ TestBigIntRemoval
  ✅ TestBigIntStatic
  ✅ TestBooleanFunction
  ✅ TestBooleanObservable
  ✅ TestBooleanRemoval
  ✅ TestBooleanStatic
  ✅ TestCheckboxIndeterminateToggle
  ✅ TestChildOverReexecution (browser code skipped)
  ✅ TestChildren
  ✅ TestChildrenBoolean
  ✅ TestChildrenSymbol
  ✅ TestClassFunction
  ✅ TestClassFunctionString
  ✅ TestClassNameFunction
  ✅ TestClassNameObservable
  ✅ TestClassNameStatic
  ✅ TestClassObservable
  ✅ TestClassObservableString
  ✅ TestClassRemoval
  ✅ TestClassRemovalString
  ✅ TestClassStatic
  ✅ TestClassStaticString
  ✅ TestClassesArrayCleanup
  ✅ TestClassesArrayFunction
  ✅ TestClassesArrayFunctionMultiple
  ✅ TestClassesArrayFunctionValue
  ✅ TestClassesArrayNestedStatic
  ✅ TestClassesArrayObservable
  ✅ TestClassesArrayObservableMultiple
  ✅ TestClassesArrayObservableValue
  ✅ TestClassesArrayRemoval
  ✅ TestClassesArrayRemovalMultiple
  ✅ TestClassesArrayStatic
  ✅ TestClassesArrayStaticMultiple
  ✅ TestClassesArrayStore
  ✅ TestClassesArrayStoreMultiple
  ✅ TestClassesObjectCleanup
  ✅ TestClassesObjectFunction
  ✅ TestClassesObjectFunctionMultiple
  ✅ TestClassesObjectObservable
  ✅ TestClassesObjectObservableMultiple
  ✅ TestClassesObjectRemoval
  ✅ TestClassesObjectRemovalMultiple
  ✅ TestClassesObjectStatic
  ✅ TestClassesObjectStaticMultiple
  ✅ TestClassesObjectStore
  ✅ TestClassesObjectStoreMultiple
  ✅ TestCleanupInner0
  ✅ TestCleanupInner0 (browser code skipped)
  ✅ TestComponentFunction
  ✅ TestComponentObservable
  ✅ TestComponentObservableDirect
  ✅ TestComponentStatic
  ✅ TestComponentStaticProps
  ✅ TestComponentStaticRenderProps
  ✅ TestComponentStaticRenderState
  ✅ TestContextComponents
  ✅ TestContextDynamicContext
  ✅ TestContextHook
  ✅ TestCustomElementBasicTSX
  ⏭️  TestCustomElementContext.tsx (no output)
  ✅ TestCustomElementSlotsWithSSR
  ✅ TestDirective
  ✅ TestDirectiveRef
  ✅ TestDirectiveRegisterLocal
  ✅ TestDirectiveSingleArgument
  ✅ TestDynamicFunctionComponent
  ✅ TestDynamicFunctionProps
  ✅ TestDynamicHeading
  ✅ TestDynamicObservableChildren
  ✅ TestDynamicObservableComponent
  ✅ TestDynamicObservableProps
  ✅ TestDynamicStoreProps
  ✅ TestErrorBoundary
  ✅ TestErrorBoundaryChildrenFunction
  ✅ TestErrorBoundaryChildrenObservableStatic
  ⏭️  TestErrorBoundaryFallback.tsx (no output)
  ✅ TestErrorBoundaryFallbackFunction
  ✅ TestErrorBoundaryFallbackObservableStatic
  ✅ TestErrorBoundaryNoError
  ✅ TestEventClickAndClickCaptureStatic
  ✅ TestEventClickCaptureObservable
  ✅ TestEventClickCaptureRemoval
  ✅ TestEventClickCaptureStatic
  ✅ TestEventClickObservable
  ✅ TestEventClickRemoval (browser code skipped)
  ✅ TestEventClickStatic
  ✅ TestEventClickStopImmediatePropagation
  ✅ TestEventClickStopPropagation
  ✅ TestEventEnterAndEnterCaptureStatic
  ✅ TestEventEnterStopImmediatePropagation
  ✅ TestEventEnterStopPropagation
  ✅ TestEventMiddleClickCaptureStatic
  ✅ TestEventMiddleClickStatic
  ✅ TestEventTargetCurrentTarget
  ✅ TestForFallbackFunction
  ✅ TestForFallbackObservable
  ✅ TestForFallbackObservableStatic
  ✅ TestForFallbackStatic
  ✅ TestForFunctionObservables
  ✅ TestForObservableObservables
  ✅ TestForObservables
  ✅ TestForObservablesStatic
  ✅ TestForRandom
  ✅ TestForRandomOnlyChild
  ✅ TestForStatic
  ✅ TestForUnkeyedFallbackFunction
  ❌ TestForUnkeyedFallbackObservable.tsx
     D:\Developments\tslib\@woby\woby\demo\playground\src\TestForUnkeyedFallbackObser...
  ✅ TestForUnkeyedFallbackObservableStatic
  ✅ TestForUnkeyedFallbackStatic
  ✅ TestForUnkeyedFunctionObservables
  ✅ TestForUnkeyedObservableObservables
  ❌ TestForUnkeyedObservables.tsx
     Unknown error...
